
> client@0.0.0 build-storybook /home/kaazka/webstormprojects/QuizBuilder/client
> storybook build --output-dir=/tmp/chromatic--18245-sEGm49Zw1X11


[90m┌[39m  Building storybook v10.3.6
[90m│[39m
[32m◇[39m  Cleaning outputDir: [36m../../../../../tmp/chromatic--18245-sEGm49Zw1X11[39m
[90m│[39m
[32m◇[39m  Loading presets
[90m│[39m
[32m◇[39m  Building manager..
[90m│[39m
[33m▲[39m  unable to find package.json for radix-ui
[90m│[39m
[34m●[39m  Building preview..
[90m│[39m  [43mVite[49m [36mvite v8.0.10 [32mbuilding client environment for production...[36m[39m
[2Ktransforming...✓ 3168 modules transformed.
rendering chunks...
computing gzip size...
[90m│[39m  [43mVite[49m
[90m│[39m  ../../../../../tmp/chromatic--18245-sEGm49Zw1X11/assets/inter-vietnamese-wght-normal-CBcvBZtf.woff2
[90m│[39m  10.25 kB
[90m│[39m  ../../../../../tmp/chromatic--18245-sEGm49Zw1X11/assets/inter-greek-ext-wght-normal-DlzME5K_.woff2
[90m│[39m  11.23 kB
[90m│[39m  ../../../../../tmp/chromatic--18245-sEGm49Zw1X11/assets/inter-cyrillic-wght-normal-DqGufNeO.woff2
[90m│[39m  18.74 kB
[90m│[39m  ../../../../../tmp/chromatic--18245-sEGm49Zw1X11/iframe.html
[90m│[39m  18.83 kB │ gzip:   5.27 kB
[90m│[39m  ../../../../../tmp/chromatic--18245-sEGm49Zw1X11/assets/inter-greek-wght-normal-CkhJZR-_.woff2
[90m│[39m  18.99 kB
[90m│[39m  ../../../../../tmp/chromatic--18245-sEGm49Zw1X11/assets/inter-cyrillic-ext-wght-normal-BOeWTOD4.woff2
[90m│[39m  25.96 kB
[90m│[39m  ../../../../../tmp/chromatic--18245-sEGm49Zw1X11/assets/inter-latin-wght-normal-Dx4kXJAl.woff2
[90m│[39m  48.25 kB
[90m│[39m  ../../../../../tmp/chromatic--18245-sEGm49Zw1X11/assets/inter-latin-ext-wght-normal-DO1Apj_S.woff2
[90m│[39m  85.06 kB
[90m│[39m  ../../../../../tmp/chromatic--18245-sEGm49Zw1X11/assets/Header-Db870r_6.css
[90m│[39m  0.03 kB │ gzip:   0.05 kB
[90m│[39m  ../../../../../tmp/chromatic--18245-sEGm49Zw1X11/assets/iframe-Dw0QD3na.css
[90m│[39m  60.84 kB │ gzip:  10.79 kB
[90m│[39m  ../../../../../tmp/chromatic--18245-sEGm49Zw1X11/assets/ToggleTheme-SgL3cS87.js
[90m│[39m  0.12 kB │ gzip:   0.11 kB
[90m│[39m  ../../../../../tmp/chromatic--18245-sEGm49Zw1X11/assets/CreateLink-B2HQBXn3.js
[90m│[39m  0.12 kB │ gzip:   0.11 kB
[90m│[39m  ../../../../../tmp/chromatic--18245-sEGm49Zw1X11/assets/chunk-CYSK6WYR-C_juHEQ2.js
[90m│[39m  0.15 kB │ gzip:   0.13 kB
[90m│[39m  ../../../../../tmp/chromatic--18245-sEGm49Zw1X11/assets/chunk-242VQQM5-CWbLZPN6.js
[90m│[39m  0.21 kB │ gzip:   0.18 kB
[90m│[39m  ../../../../../tmp/chromatic--18245-sEGm49Zw1X11/assets/formatter-EIJCOSYU-BIJqlOBD.js
[90m│[39m  0.22 kB │ gzip:   0.18 kB
[90m│[39m  ../../../../../tmp/chromatic--18245-sEGm49Zw1X11/assets/TooltipDecorator-CdhvkKmm.js
[90m│[39m  0.29 kB │ gzip:   0.23 kB
[90m│[39m  ../../../../../tmp/chromatic--18245-sEGm49Zw1X11/assets/BrowserDecorator-BBcwaxds.js
[90m│[39m  0.29 kB │ gzip:   0.24 kB
[90m│[39m  ../../../../../tmp/chromatic--18245-sEGm49Zw1X11/assets/useTheme-BEsvOh7S.js
[90m│[39m  0.35 kB │ gzip:   0.26 kB
[90m│[39m  ../../../../../tmp/chromatic--18245-sEGm49Zw1X11/assets/useIsMobile-Bmgsz6fM.js
[90m│[39m  0.40 kB │ gzip:   0.29 kB
[90m│[39m  ../../../../../tmp/chromatic--18245-sEGm49Zw1X11/assets/Skeleton-CCrumVDj.js
[90m│[39m  0.41 kB │ gzip:   0.30 kB
[90m│[39m  ../../../../../tmp/chromatic--18245-sEGm49Zw1X11/assets/jsx-runtime-T8HZ5J17.js
[90m│[39m  0.42 kB │ gzip:   0.29 kB
[90m│[39m  ../../../../../tmp/chromatic--18245-sEGm49Zw1X11/assets/Card-Dr6kS_ou.js
[90m│[39m  0.44 kB │ gzip:   0.31 kB
[90m│[39m  ../../../../../tmp/chromatic--18245-sEGm49Zw1X11/assets/LandingPage.stories-CbUaOOj0.js
[90m│[39m  0.48 kB │ gzip:   0.31 kB
[90m│[39m  ../../../../../tmp/chromatic--18245-sEGm49Zw1X11/assets/NotFoundPage.stories-LITII8ja.js
[90m│[39m  0.48 kB │ gzip:   0.31 kB
[90m│[39m  ../../../../../tmp/chromatic--18245-sEGm49Zw1X11/assets/ToggleTheme.stories-CiTca4y6.js
[90m│[39m  0.52 kB │ gzip:   0.34 kB
[90m│[39m  ../../../../../tmp/chromatic--18245-sEGm49Zw1X11/assets/react-B9kIFp4c.js
[90m│[39m  0.52 kB │ gzip:   0.32 kB
[90m│[39m  ../../../../../tmp/chromatic--18245-sEGm49Zw1X11/assets/NavLink-O4INiSp0.js
[90m│[39m  0.54 kB │ gzip:   0.37 kB
[90m│[39m  ../../../../../tmp/chromatic--18245-sEGm49Zw1X11/assets/NotFoundPage-DSRJE05Q.js
[90m│[39m  0.56 kB │ gzip:   0.38 kB
[90m│[39m  ../../../../../tmp/chromatic--18245-sEGm49Zw1X11/assets/RouterDecorator-BLWj011A.js
[90m│[39m  0.59 kB │ gzip:   0.33 kB
[90m│[39m  ../../../../../tmp/chromatic--18245-sEGm49Zw1X11/assets/User-BxF4eg53.js
[90m│[39m  0.71 kB │ gzip:   0.41 kB
[90m│[39m  ../../../../../tmp/chromatic--18245-sEGm49Zw1X11/assets/StatusBadge-DiDmEVQz.js
[90m│[39m  0.75 kB │ gzip:   0.47 kB
[90m│[39m  ../../../../../tmp/chromatic--18245-sEGm49Zw1X11/assets/Progress-DLnv5NTd.js
[90m│[39m  0.79 kB │ gzip:   0.50 kB
[90m│[39m  ../../../../../tmp/chromatic--18245-sEGm49Zw1X11/assets/Switch-CeSaUD07.js
[90m│[39m  0.99 kB │ gzip:   0.54 kB
[90m│[39m  ../../../../../tmp/chromatic--18245-sEGm49Zw1X11/assets/ToggleTheme-DuLKp6d2.js
[90m│[39m  1.07 kB │ gzip:   0.60 kB
[90m│[39m  ../../../../../tmp/chromatic--18245-sEGm49Zw1X11/assets/StatCard-D6L4-dlY.js
[90m│[39m  1.09 kB │ gzip:   0.59 kB
[90m│[39m  ../../../../../tmp/chromatic--18245-sEGm49Zw1X11/assets/Profile-64bPga2t.js
[90m│[39m  1.14 kB │ gzip:   0.59 kB
[90m│[39m  ../../../../../tmp/chromatic--18245-sEGm49Zw1X11/assets/chunk-jRWAZmH_.js
[90m│[39m  1.21 kB │ gzip:   0.67 kB
[90m│[39m  ../../../../../tmp/chromatic--18245-sEGm49Zw1X11/assets/preload-helper-Dowy-9fu.js
[90m│[39m  1.27 kB │ gzip:   0.74 kB
[90m│[39m  ../../../../../tmp/chromatic--18245-sEGm49Zw1X11/assets/Accordion-Dp6qsHUw.js
[90m│[39m  1.39 kB │ gzip:   0.65 kB
[90m│[39m  ../../../../../tmp/chromatic--18245-sEGm49Zw1X11/assets/Popover-CLSynCut.js
[90m│[39m  1.43 kB │ gzip:   0.66 kB
[90m│[39m  ../../../../../tmp/chromatic--18245-sEGm49Zw1X11/assets/RegisterPage-D2ouw72u.js
[90m│[39m  1.45 kB │ gzip:   0.73 kB
[90m│[39m  ../../../../../tmp/chromatic--18245-sEGm49Zw1X11/assets/CreateQuizModal.stories-CMrszGeo.js
[90m│[39m  1.61 kB │ gzip:   0.80 kB
[90m│[39m  ../../../../../tmp/chromatic--18245-sEGm49Zw1X11/assets/ShareModal-C8jzwOFA.js
[90m│[39m  1.69 kB │ gzip:   0.94 kB
[90m│[39m  ../../../../../tmp/chromatic--18245-sEGm49Zw1X11/assets/CreateLinkModal.stories-sLE7LRRW.js
[90m│[39m  1.70 kB │ gzip:   0.83 kB
[90m│[39m  ../../../../../tmp/chromatic--18245-sEGm49Zw1X11/assets/NavLink.stories-BeV2CpGg.js
[90m│[39m  1.81 kB │ gzip:   0.72 kB
[90m│[39m  ../../../../../tmp/chromatic--18245-sEGm49Zw1X11/assets/LoginPage.stories-DG1LxweL.js
[90m│[39m  1.82 kB │ gzip:   0.64 kB
[90m│[39m  ../../../../../tmp/chromatic--18245-sEGm49Zw1X11/assets/StatusBadge.stories-Dy1b3Abh.js
[90m│[39m  1.84 kB │ gzip:   0.71 kB
[90m│[39m  ../../../../../tmp/chromatic--18245-sEGm49Zw1X11/assets/Dialog-DSpPQXnT.js
[90m│[39m  1.87 kB │ gzip:   0.76 kB
[90m│[39m  ../../../../../tmp/chromatic--18245-sEGm49Zw1X11/assets/LoginForm.stories-bQYqIyRk.js
[90m│[39m  1.87 kB │ gzip:   0.67 kB
[90m│[39m  ../../../../../tmp/chromatic--18245-sEGm49Zw1X11/assets/ActivityHeatmap.stories-oVbVvFF0.js
[90m│[39m  1.87 kB │ gzip:   0.78 kB
[90m│[39m  ../../../../../tmp/chromatic--18245-sEGm49Zw1X11/assets/EditQuizModal.stories-C1qUwymc.js
[90m│[39m  1.97 kB │ gzip:   0.86 kB
[90m│[39m  ../../../../../tmp/chromatic--18245-sEGm49Zw1X11/assets/ShareModal.stories-By0IdSNX.js
[90m│[39m  1.99 kB │ gzip:   0.83 kB
[90m│[39m  ../../../../../tmp/chromatic--18245-sEGm49Zw1X11/assets/Select-CgH3R43Z.js
[90m│[39m  2.03 kB │ gzip:   0.88 kB
[90m│[39m  ../../../../../tmp/chromatic--18245-sEGm49Zw1X11/assets/Tooltip-BEWRkRVi.js
[90m│[39m  2.08 kB │ gzip:   0.85 kB
[90m│[39m  ../../../../../tmp/chromatic--18245-sEGm49Zw1X11/assets/RegisterPage.stories-ZtaTGCXB.js
[90m│[39m  2.09 kB │ gzip:   0.69 kB
[90m│[39m  ../../../../../tmp/chromatic--18245-sEGm49Zw1X11/assets/RegisterForm.stories-BShKEntu.js
[90m│[39m  2.12 kB │ gzip:   0.71 kB
[90m│[39m  ../../../../../tmp/chromatic--18245-sEGm49Zw1X11/assets/Attempt-C8UVScrp.js
[90m│[39m  2.15 kB │ gzip:   0.88 kB
[90m│[39m  ../../../../../tmp/chromatic--18245-sEGm49Zw1X11/assets/EditProfileModal.stories-CPcJzGEC.js
[90m│[39m  2.32 kB │ gzip:   1.04 kB
[90m│[39m  ../../../../../tmp/chromatic--18245-sEGm49Zw1X11/assets/Question-Bv9Z_Wi1.js
[90m│[39m  2.41 kB │ gzip:   1.07 kB
[90m│[39m  ../../../../../tmp/chromatic--18245-sEGm49Zw1X11/assets/CreateQuizModal-DiT9C5BL.js
[90m│[39m  2.47 kB │ gzip:   1.23 kB
[90m│[39m  ../../../../../tmp/chromatic--18245-sEGm49Zw1X11/assets/EditQuizModal-B0KBihds.js
[90m│[39m  2.51 kB │ gzip:   1.25 kB
[90m│[39m  ../../../../../tmp/chromatic--18245-sEGm49Zw1X11/assets/EditProfileModal-8OhhZHfQ.js
[90m│[39m  2.53 kB │ gzip:   1.14 kB
[90m│[39m  ../../../../../tmp/chromatic--18245-sEGm49Zw1X11/assets/Progress.stories-C8CenGFj.js
[90m│[39m  2.55 kB │ gzip:   0.84 kB
[90m│[39m  ../../../../../tmp/chromatic--18245-sEGm49Zw1X11/assets/QuizRow.stories-DJMKgTzF.js
[90m│[39m  2.67 kB │ gzip:   1.07 kB
[90m│[39m  ../../../../../tmp/chromatic--18245-sEGm49Zw1X11/assets/AuthByEmail-BCzT1mMw.js
[90m│[39m  2.69 kB │ gzip:   1.37 kB
[90m│[39m  ../../../../../tmp/chromatic--18245-sEGm49Zw1X11/assets/QuizCard.stories-B6XoDfK6.js
[90m│[39m  2.78 kB │ gzip:   1.05 kB
[90m│[39m  ../../../../../tmp/chromatic--18245-sEGm49Zw1X11/assets/Tooltip.stories-CiVQRZXB.js
[90m│[39m  2.80 kB │ gzip:   1.00 kB
[90m│[39m  ../../../../../tmp/chromatic--18245-sEGm49Zw1X11/assets/Switch.stories-U9E1arpB.js
[90m│[39m  2.81 kB │ gzip:   0.95 kB
[90m│[39m  ../../../../../tmp/chromatic--18245-sEGm49Zw1X11/assets/LoginPage-CDEL5_y8.js
[90m│[39m  2.89 kB │ gzip:   1.19 kB
[90m│[39m  ../../../../../tmp/chromatic--18245-sEGm49Zw1X11/assets/StatCard.stories-C-ttICrq.js
[90m│[39m  2.91 kB │ gzip:   0.95 kB
[90m│[39m  ../../../../../tmp/chromatic--18245-sEGm49Zw1X11/assets/Calendar.stories-Dp4OXqNH.js
[90m│[39m  2.94 kB │ gzip:   0.96 kB
[90m│[39m  ../../../../../tmp/chromatic--18245-sEGm49Zw1X11/assets/Select.stories-CIPDOm61.js
[90m│[39m  3.07 kB │ gzip:   0.79 kB
[90m│[39m  ../../../../../tmp/chromatic--18245-sEGm49Zw1X11/assets/CreateQuestionModal.stories-DIc2FlsB.js
[90m│[39m  3.12 kB │ gzip:   1.12 kB
[90m│[39m  ../../../../../tmp/chromatic--18245-sEGm49Zw1X11/assets/Card.stories-8HTkeVEN.js
[90m│[39m  3.18 kB │ gzip:   1.00 kB
[90m│[39m  ../../../../../tmp/chromatic--18245-sEGm49Zw1X11/assets/Button-DzAQk8mc.js
[90m│[39m  3.50 kB │ gzip:   1.42 kB
[90m│[39m  ../../../../../tmp/chromatic--18245-sEGm49Zw1X11/assets/react-dom-cOA---87.js
[90m│[39m  3.57 kB │ gzip:   1.35 kB
[90m│[39m  ../../../../../tmp/chromatic--18245-sEGm49Zw1X11/assets/RegisterByEmail-CrksU8fZ.js
[90m│[39m  3.65 kB │ gzip:   1.61 kB
[90m│[39m  ../../../../../tmp/chromatic--18245-sEGm49Zw1X11/assets/Accordion.stories-FlW-6tcU.js
[90m│[39m  3.71 kB │ gzip:   1.02 kB
[90m│[39m  ../../../../../tmp/chromatic--18245-sEGm49Zw1X11/assets/Skeleton.stories-ErEL6Mrr.js
[90m│[39m  3.78 kB │ gzip:   0.91 kB
[90m│[39m  ../../../../../tmp/chromatic--18245-sEGm49Zw1X11/assets/QuizzesPage.stories-C5GVKbdK.js
[90m│[39m  3.81 kB │ gzip:   1.24 kB
[90m│[39m  ../../../../../tmp/chromatic--18245-sEGm49Zw1X11/assets/Sonner.stories-CfEjVjnx.js
[90m│[39m  3.93 kB │ gzip:   1.33 kB
[90m│[39m  ../../../../../tmp/chromatic--18245-sEGm49Zw1X11/assets/Popover.stories-BksvIHUz.js
[90m│[39m  4.01 kB │ gzip:   1.20 kB
[90m│[39m  ../../../../../tmp/chromatic--18245-sEGm49Zw1X11/assets/QuestionCard.stories-BxKBYZi-.js
[90m│[39m  4.08 kB │ gzip:   1.53 kB
[90m│[39m  ../../../../../tmp/chromatic--18245-sEGm49Zw1X11/assets/ActivityHeatmap-DM33Jf9I.js
[90m│[39m  4.13 kB │ gzip:   1.80 kB
[90m│[39m  ../../../../../tmp/chromatic--18245-sEGm49Zw1X11/assets/routeConfig-Bd6bzlzc.js
[90m│[39m  4.24 kB │ gzip:   1.74 kB
[90m│[39m  ../../../../../tmp/chromatic--18245-sEGm49Zw1X11/assets/useDynamicModuleLoader-EgaOgJow.js
[90m│[39m  4.29 kB │ gzip:   1.90 kB
[90m│[39m  ../../../../../tmp/chromatic--18245-sEGm49Zw1X11/assets/DropdownMenu.stories-CbIHQJuI.js
[90m│[39m  4.40 kB │ gzip:   1.15 kB
[90m│[39m  ../../../../../tmp/chromatic--18245-sEGm49Zw1X11/assets/Button.stories-B79xWPp3.js
[90m│[39m  4.42 kB │ gzip:   1.35 kB
[90m│[39m  ../../../../../tmp/chromatic--18245-sEGm49Zw1X11/assets/Quiz-CkueMGIv.js
[90m│[39m  4.56 kB │ gzip:   1.51 kB
[90m│[39m  ../../../../../tmp/chromatic--18245-sEGm49Zw1X11/assets/QuizEditorPage.stories-dUHfEO8E.js
[90m│[39m  4.78 kB │ gzip:   1.41 kB
[90m│[39m  ../../../../../tmp/chromatic--18245-sEGm49Zw1X11/assets/QuizTakingPage.stories-BvPFkj86.js
[90m│[39m  4.79 kB │ gzip:   1.45 kB
[90m│[39m  ../../../../../tmp/chromatic--18245-sEGm49Zw1X11/assets/QuizzesPage-W2mof80l.js
[90m│[39m  4.98 kB │ gzip:   1.70 kB
[90m│[39m  ../../../../../tmp/chromatic--18245-sEGm49Zw1X11/assets/QuizRow-oOysphL_.js
[90m│[39m  5.28 kB │ gzip:   1.39 kB
[90m│[39m  ../../../../../tmp/chromatic--18245-sEGm49Zw1X11/assets/QuizCard-CLWb-AiQ.js
[90m│[39m  5.35 kB │ gzip:   1.42 kB
[90m│[39m  ../../../../../tmp/chromatic--18245-sEGm49Zw1X11/assets/ProfilePage.stories-CwVFlx4I.js
[90m│[39m  5.61 kB │ gzip:   1.41 kB
[90m│[39m  ../../../../../tmp/chromatic--18245-sEGm49Zw1X11/assets/Dialog.stories-BD4ZbNbC.js
[90m│[39m  6.13 kB │ gzip:   1.51 kB
[90m│[39m  ../../../../../tmp/chromatic--18245-sEGm49Zw1X11/assets/QuizResultsPage.stories-CwbXZQTB.js
[90m│[39m  6.68 kB │ gzip:   1.65 kB
[90m│[39m  ../../../../../tmp/chromatic--18245-sEGm49Zw1X11/assets/QuestionCard-1WkQbJYC.js
[90m│[39m  6.76 kB │ gzip:   2.26 kB
[90m│[39m  ../../../../../tmp/chromatic--18245-sEGm49Zw1X11/assets/CreateQuestionModal-BXi_eTnI.js
[90m│[39m  6.90 kB │ gzip:   2.32 kB
[90m│[39m  ../../../../../tmp/chromatic--18245-sEGm49Zw1X11/assets/CreateLinkModal-CiD3Mj1c.js
[90m│[39m  7.23 kB │ gzip:   2.67 kB
[90m│[39m  ../../../../../tmp/chromatic--18245-sEGm49Zw1X11/assets/QuizResultsPage-BokNPKSU.js
[90m│[39m  7.36 kB │ gzip:   2.73 kB
[90m│[39m  ../../../../../tmp/chromatic--18245-sEGm49Zw1X11/assets/ProfilePage-C_DFXTcf.js
[90m│[39m  7.39 kB │ gzip:   2.32 kB
[90m│[39m  ../../../../../tmp/chromatic--18245-sEGm49Zw1X11/assets/DropdownMenu-BHNtjez3.js
[90m│[39m  7.67 kB │ gzip:   1.74 kB
[90m│[39m  ../../../../../tmp/chromatic--18245-sEGm49Zw1X11/assets/Header.stories-s10A2O3Y.js
[90m│[39m  7.84 kB │ gzip:   2.60 kB
[90m│[39m  ../../../../../tmp/chromatic--18245-sEGm49Zw1X11/assets/QuizTakingPage-BuKBsNtd.js
[90m│[39m  8.49 kB │ gzip:   3.00 kB
[90m│[39m  ../../../../../tmp/chromatic--18245-sEGm49Zw1X11/assets/QuizEditorPage-zZkow9GW.js
[90m│[39m  8.87 kB │ gzip:   2.66 kB
[90m│[39m  ../../../../../tmp/chromatic--18245-sEGm49Zw1X11/assets/lucide-react-BXLQ2eTx.js
[90m│[39m  12.83 kB │ gzip:   4.92 kB
[90m│[39m  ../../../../../tmp/chromatic--18245-sEGm49Zw1X11/assets/LandingPage-Bi_ylVUZ.js
[90m│[39m  16.40 kB │ gzip:   3.33 kB
[90m│[39m  ../../../../../tmp/chromatic--18245-sEGm49Zw1X11/assets/chunk-RD3KTAHR-dg7G4tyQ.js
[90m│[39m  20.74 kB │ gzip:   6.93 kB
[90m│[39m  ../../../../../tmp/chromatic--18245-sEGm49Zw1X11/assets/utils-CVByvK8M.js
[90m│[39m  26.72 kB │ gzip:   8.65 kB
[90m│[39m  ../../../../../tmp/chromatic--18245-sEGm49Zw1X11/vite-inject-mocker-entry.js
[90m│[39m  27.85 kB │ gzip:   9.64 kB
[90m│[39m  ../../../../../tmp/chromatic--18245-sEGm49Zw1X11/assets/redux-toolkit.modern-DGQ2aOvb.js
[90m│[39m  28.69 kB │ gzip:  10.76 kB
[90m│[39m  ../../../../../tmp/chromatic--18245-sEGm49Zw1X11/assets/matchers-5TDFFDYO-BpxuLjnh.js
[90m│[39m  28.81 kB │ gzip:   9.67 kB
[90m│[39m  ../../../../../tmp/chromatic--18245-sEGm49Zw1X11/assets/Color-FRDS63T2-BCJhjg92.js
[90m│[39m  30.82 kB │ gzip:  11.56 kB
[90m│[39m  ../../../../../tmp/chromatic--18245-sEGm49Zw1X11/assets/dist-1ul3I6LS.js
[90m│[39m  32.69 kB │ gzip:   9.22 kB
[90m│[39m  ../../../../../tmp/chromatic--18245-sEGm49Zw1X11/assets/WithTooltip-65CFNBJE-BHm3ewi5.js
[90m│[39m  33.19 kB │ gzip:  11.64 kB
[90m│[39m  ../../../../../tmp/chromatic--18245-sEGm49Zw1X11/assets/dist-D69xl41S.js
[90m│[39m  39.75 kB │ gzip:  14.15 kB
[90m│[39m  ../../../../../tmp/chromatic--18245-sEGm49Zw1X11/assets/api-auMeBkuj.js
[90m│[39m  42.90 kB │ gzip:  16.82 kB
[90m│[39m  ../../../../../tmp/chromatic--18245-sEGm49Zw1X11/assets/StoreDecorator-jhW6sVwk.js
[90m│[39m  44.55 kB │ gzip:  15.14 kB
[90m│[39m  ../../../../../tmp/chromatic--18245-sEGm49Zw1X11/assets/theming-C2hJ-xLp.js
[90m│[39m  55.25 kB │ gzip:  21.34 kB
[90m│[39m  ../../../../../tmp/chromatic--18245-sEGm49Zw1X11/assets/syntaxhighlighter-OH4MV7E3-DEx1_uYI.js
[90m│[39m  76.06 kB │ gzip:  27.35 kB
[90m│[39m  ../../../../../tmp/chromatic--18245-sEGm49Zw1X11/assets/Calendar-D1iHK9iK.js
[90m│[39m  93.95 kB │ gzip:  27.11 kB
[90m│[39m  ../../../../../tmp/chromatic--18245-sEGm49Zw1X11/assets/dist-CpbmpOs5.js
[90m│[39m  123.64 kB │ gzip:  39.85 kB
[90m│[39m  ../../../../../tmp/chromatic--18245-sEGm49Zw1X11/assets/react-18-sayAkVUM.js
[90m│[39m  179.11 kB │ gzip:  56.68 kB
[90m│[39m  ../../../../../tmp/chromatic--18245-sEGm49Zw1X11/assets/DocsRenderer-LL677BLK-1MeOATBL.js
[90m│[39m  183.21 kB │ gzip:  58.16 kB
[90m│[39m  ../../../../../tmp/chromatic--18245-sEGm49Zw1X11/assets/components-EqbmQuAM.js
[90m│[39m  452.02 kB │ gzip: 141.86 kB
[90m│[39m  ../../../../../tmp/chromatic--18245-sEGm49Zw1X11/assets/axe-BXKzf4Kr.js
[90m│[39m  571.04 kB │ gzip: 155.76 kB
[90m│[39m  ../../../../../tmp/chromatic--18245-sEGm49Zw1X11/assets/favicon-pNyw3N1a.js
[90m│[39m  1,240.12 kB │ gzip: 932.57 kB
[90m│[39m  ../../../../../tmp/chromatic--18245-sEGm49Zw1X11/assets/iframe-lzjNytoP.js
[90m│[39m  1,286.14 kB │ gzip: 376.08 kB

[90m│[39m
[33m▲[39m  [43mVite[49m [33m[plugin builtin:vite-reporter]
[90m│[39m  (!) Some chunks are larger than 500 kB after minification. Consider:
[90m│[39m  - Using dynamic import() to code-split the application
[90m│[39m  - Use build.rolldownOptions.output.codeSplitting to improve chunking:
[90m│[39m  ]8;;https://rolldown.rs/reference/OutputOptions.codeSplittinghttps://rolldown.rs/reference/OutputOptions.codeSplitting]8;;
[90m│[39m  - Adjust chunk size limit for this warning via
[90m│[39m  build.chunkSizeWarningLimit.[39m
[90m│[39m  [43mVite[49m [32m✓ built in 8.18s[39m
[90m│[39m
[32m◇[39m  Output directory: /tmp/chromatic--18245-sEGm49Zw1X11
[90m│[39m
[90m└[39m  Storybook build completed successfully

